12:06:52 **** Auto Build of configuration Debug for project DC_emulator_lab ****
make pre-build main-build 
a9-linaro-pre-build-step
' '
'Building file: ../src/SwLoadEmulator.cpp'
'Invoking: ARM v7 g++ compiler'
arm-none-eabi-g++ -DFULL -DARM_A9 -DHAS_BASIC_FAULT_LOG_IF_CAPABILITY -DHAS_RUN_INHIBIT_SUPPORT -DHAS_STRNLEN -DHAS_DIGSCOPE_CAPABILITY -Wall -O3 -gdwarf-2 -g -gdwarf-4 -IC:\Programming\TSW_SW\include -I../../L2_Ph3_L2_Ph3_DC_bsp/ps7_cortexa9_1/include -c -fmessage-length=0 -MT"src/SwLoadEmulator.o" -mcpu=cortex-a9 -mfpu=vfpv3 -mfloat-abi=hard -I../../L2_Ph3_L2_Ph3_DC_bsp/ps7_cortexa9_1/include -MMD -MP -MF"src/SwLoadEmulator.d" -MT"src/SwLoadEmulator.o" -o "src/SwLoadEmulator.o" "../src/SwLoadEmulator.cpp"
'Finished building: ../src/SwLoadEmulator.cpp'
' '
'Building file: ../src/main.cpp'
'Invoking: ARM v7 g++ compiler'
arm-none-eabi-g++ -DFULL -DARM_A9 -DHAS_BASIC_FAULT_LOG_IF_CAPABILITY -DHAS_RUN_INHIBIT_SUPPORT -DHAS_STRNLEN -DHAS_DIGSCOPE_CAPABILITY -Wall -O3 -gdwarf-2 -g -gdwarf-4 -IC:\Programming\TSW_SW\include -I../../L2_Ph3_L2_Ph3_DC_bsp/ps7_cortexa9_1/include -c -fmessage-length=0 -MT"src/main.o" -mcpu=cortex-a9 -mfpu=vfpv3 -mfloat-abi=hard -I../../L2_Ph3_L2_Ph3_DC_bsp/ps7_cortexa9_1/include -MMD -MP -MF"src/main.d" -MT"src/main.o" -o "src/main.o" "../src/main.cpp"
In file included from ../src/../include/Converter.hpp:79,
                 from ../src/../include/Drive.hpp:83,
                 from ../src/../include/Application.hpp:86,
                 from ../src/../include/DriveRoutineFast.hpp:73,
                 from ../src/main.cpp:4:
../src/../include/Measurements.hpp:282: warning: "NO_OF_CHANNELS_CNT" redefined
 #define NO_OF_CHANNELS_CNT 8 // max 8 physical ADC channels
 
In file included from ../src/../include/Converter.hpp:75,
                 from ../src/../include/Drive.hpp:83,
                 from ../src/../include/Application.hpp:86,
                 from ../src/../include/DriveRoutineFast.hpp:73,
                 from ../src/main.cpp:4:
../src/../include/GateDriver.hpp:495: note: this is the location of the previous definition
 #define NO_OF_CHANNELS_CNT XPAR_CONVERTER_1_SWITCHING_EVENT_COUNTER_NUMBER_OF_CHANNELS
 
In file included from ../src/../include/Stopwatch.hpp:4,
                 from ../src/../include/EnDat22.hpp:142,
                 from ../src/../include/FirmWare_2L_3ph.hpp:80,
                 from ../src/../include/Drive.hpp:84,
                 from ../src/../include/Application.hpp:86,
                 from ../src/../include/DriveRoutineFast.hpp:73,
                 from ../src/main.cpp:4:
../../L2_Ph3_L2_Ph3_DC_bsp/ps7_cortexa9_1/include/xtime_l.h:87:70: note: #pragma message: For the sleep routines, Global timer is being used
 #pragma message ("For the sleep routines, Global timer is being used")
                                                                      ^
'Finished building: ../src/main.cpp'
' '
'Building target: DC_emulator_lab.elf'
'Invoking: ARM v7 g++ linker'
arm-none-eabi-g++ -L"C:\TET4120_LAB\emulator_lab\PESC_SDK_CTRL\DC_emulator_lab\lib" -L../../L2_Ph3_L2_Ph3_DC_bsp/ps7_cortexa9_1/lib -mcpu=cortex-a9 -mfpu=vfpv3 -mfloat-abi=hard -Wl,-build-id=none -specs=Xilinx.spec -Wl,-T -Wl,../src/lscript.ld -L../../L2_Ph3_L2_Ph3_DC_bsp/ps7_cortexa9_1/lib -o "DC_emulator_lab.elf"  ./src/SwLoadEmulator.o ./src/main.o   -lwtcp_arm_a9_full -lL2_Ph3_L2_Ph3_DC_Drive -Wl,--start-group,-lxil,-lgcc,-lc,-lstdc++,--end-group
'Finished building target: DC_emulator_lab.elf'
' '
'Invoking: ARM v7 Print Size'
arm-none-eabi-size DC_emulator_lab.elf  |tee "DC_emulator_lab.elf.size"
   text	   data	    bss	    dec	    hex	filename
 177852	   3368	16815672	16996892	1035a1c	DC_emulator_lab.elf
'Finished building: DC_emulator_lab.elf.size'
' '

12:06:54 Build Finished (took 1s.609ms)

