18:14:09 **** Build of configuration Debug for project L2_Ph3_L2_Ph3_PM ****
make pre-build main-build 
a9-linaro-pre-build-step
' '
'Building file: ../src/ADC.cpp'
'Invoking: ARM v7 g++ compiler'
arm-none-eabi-g++ -D"C:\Programming\PESC_CPP_LIB\Modulators\include" -DFULL -DARM_A9 -DHAS_BASIC_FAULT_LOG_IF_CAPABILITY -DHAS_RUN_INHIBIT_SUPPORT -DHAS_STRNLEN -DHAS_DIGSCOPE_CAPABILITY -Wall -O3 -gdwarf-2 -g -gdwarf-4 -I../../L2_Ph3_L2_Ph3_PM_bsp/ps7_cortexa9_1/include -I"C:\Programming\TSW_SW\src" -I"C:\Programming\TSW_SW\include" -c -fmessage-length=0 -MT"src/ADC.o" -mcpu=cortex-a9 -mfpu=vfpv3 -mfloat-abi=hard -MMD -MP -MF"src/ADC.d" -MT"src/ADC.o" -o "src/ADC.o" "../src/ADC.cpp"
<command-line>: warning: ISO C++11 requires whitespace after the macro name
'Finished building: ../src/ADC.cpp'
' '
'Building file: ../src/Application.cpp'
'Invoking: ARM v7 g++ compiler'
arm-none-eabi-g++ -D"C:\Programming\PESC_CPP_LIB\Modulators\include" -DFULL -DARM_A9 -DHAS_BASIC_FAULT_LOG_IF_CAPABILITY -DHAS_RUN_INHIBIT_SUPPORT -DHAS_STRNLEN -DHAS_DIGSCOPE_CAPABILITY -Wall -O3 -gdwarf-2 -g -gdwarf-4 -I../../L2_Ph3_L2_Ph3_PM_bsp/ps7_cortexa9_1/include -I"C:\Programming\TSW_SW\src" -I"C:\Programming\TSW_SW\include" -c -fmessage-length=0 -MT"src/Application.o" -mcpu=cortex-a9 -mfpu=vfpv3 -mfloat-abi=hard -MMD -MP -MF"src/Application.d" -MT"src/Application.o" -o "src/Application.o" "../src/Application.cpp"
<command-line>: warning: ISO C++11 requires whitespace after the macro name
In file included from ../src/Converter.hpp:79,
                 from ../src/Drive.hpp:82,
                 from ../src/Application.hpp:86,
                 from ../src/Application.cpp:9:
../src/Measurements.hpp:282: warning: "NO_OF_CHANNELS_CNT" redefined
 #define NO_OF_CHANNELS_CNT 8 // max 8 physical ADC channels
 
In file included from ../src/Converter.hpp:75,
                 from ../src/Drive.hpp:82,
                 from ../src/Application.hpp:86,
                 from ../src/Application.cpp:9:
../src/GateDriver.hpp:495: note: this is the location of the previous definition
 #define NO_OF_CHANNELS_CNT XPAR_CONVERTER_1_SWITCHING_EVENT_COUNTER_NUMBER_OF_CHANNELS
 
In file included from ../src/Drive.hpp:86,
                 from ../src/Application.hpp:86,
                 from ../src/Application.cpp:9:
../src/Motor.hpp:2:2: warning: "/*" within comment [-Wcomment]
  /*
   
In file included from ../src/FirmWare_2L_3ph.hpp:75,
                 from ../src/Drive.hpp:83,
                 from ../src/Application.hpp:86,
                 from ../src/Application.cpp:9:
../src/Emulator.hpp:211:34: warning: overflow in conversion from 'double' to 'int32_t' {aka 'long int'} changes value from '2.147483648e+9' to '2147483647' [-Woverflow]
  int32_t THETA_BASE_SCALING = pow(2, 31);
                               ~~~^~~~~~~
'Finished building: ../src/Application.cpp'
' '
'Building file: ../src/CommInterface.cpp'
'Invoking: ARM v7 g++ compiler'
arm-none-eabi-g++ -D"C:\Programming\PESC_CPP_LIB\Modulators\include" -DFULL -DARM_A9 -DHAS_BASIC_FAULT_LOG_IF_CAPABILITY -DHAS_RUN_INHIBIT_SUPPORT -DHAS_STRNLEN -DHAS_DIGSCOPE_CAPABILITY -Wall -O3 -gdwarf-2 -g -gdwarf-4 -I../../L2_Ph3_L2_Ph3_PM_bsp/ps7_cortexa9_1/include -I"C:\Programming\TSW_SW\src" -I"C:\Programming\TSW_SW\include" -c -fmessage-length=0 -MT"src/CommInterface.o" -mcpu=cortex-a9 -mfpu=vfpv3 -mfloat-abi=hard -MMD -MP -MF"src/CommInterface.d" -MT"src/CommInterface.o" -o "src/CommInterface.o" "../src/CommInterface.cpp"
<command-line>: warning: ISO C++11 requires whitespace after the macro name
'Finished building: ../src/CommInterface.cpp'
' '
'Building file: ../src/ConfigParameters.cpp'
'Invoking: ARM v7 g++ compiler'
arm-none-eabi-g++ -D"C:\Programming\PESC_CPP_LIB\Modulators\include" -DFULL -DARM_A9 -DHAS_BASIC_FAULT_LOG_IF_CAPABILITY -DHAS_RUN_INHIBIT_SUPPORT -DHAS_STRNLEN -DHAS_DIGSCOPE_CAPABILITY -Wall -O3 -gdwarf-2 -g -gdwarf-4 -I../../L2_Ph3_L2_Ph3_PM_bsp/ps7_cortexa9_1/include -I"C:\Programming\TSW_SW\src" -I"C:\Programming\TSW_SW\include" -c -fmessage-length=0 -MT"src/ConfigParameters.o" -mcpu=cortex-a9 -mfpu=vfpv3 -mfloat-abi=hard -MMD -MP -MF"src/ConfigParameters.d" -MT"src/ConfigParameters.o" -o "src/ConfigParameters.o" "../src/ConfigParameters.cpp"
<command-line>: warning: ISO C++11 requires whitespace after the macro name
'Finished building: ../src/ConfigParameters.cpp'
' '
'Building file: ../src/Converter.cpp'
'Invoking: ARM v7 g++ compiler'
arm-none-eabi-g++ -D"C:\Programming\PESC_CPP_LIB\Modulators\include" -DFULL -DARM_A9 -DHAS_BASIC_FAULT_LOG_IF_CAPABILITY -DHAS_RUN_INHIBIT_SUPPORT -DHAS_STRNLEN -DHAS_DIGSCOPE_CAPABILITY -Wall -O3 -gdwarf-2 -g -gdwarf-4 -I../../L2_Ph3_L2_Ph3_PM_bsp/ps7_cortexa9_1/include -I"C:\Programming\TSW_SW\src" -I"C:\Programming\TSW_SW\include" -c -fmessage-length=0 -MT"src/Converter.o" -mcpu=cortex-a9 -mfpu=vfpv3 -mfloat-abi=hard -MMD -MP -MF"src/Converter.d" -MT"src/Converter.o" -o "src/Converter.o" "../src/Converter.cpp"
<command-line>: warning: ISO C++11 requires whitespace after the macro name
In file included from ../src/Converter.hpp:79,
                 from ../src/Converter.cpp:9:
../src/Measurements.hpp:282: warning: "NO_OF_CHANNELS_CNT" redefined
 #define NO_OF_CHANNELS_CNT 8 // max 8 physical ADC channels
 
In file included from ../src/Converter.hpp:75,
                 from ../src/Converter.cpp:9:
../src/GateDriver.hpp:495: note: this is the location of the previous definition
 #define NO_OF_CHANNELS_CNT XPAR_CONVERTER_1_SWITCHING_EVENT_COUNTER_NUMBER_OF_CHANNELS
 
'Finished building: ../src/Converter.cpp'
' '
'Building file: ../src/DAC.cpp'
'Invoking: ARM v7 g++ compiler'
arm-none-eabi-g++ -D"C:\Programming\PESC_CPP_LIB\Modulators\include" -DFULL -DARM_A9 -DHAS_BASIC_FAULT_LOG_IF_CAPABILITY -DHAS_RUN_INHIBIT_SUPPORT -DHAS_STRNLEN -DHAS_DIGSCOPE_CAPABILITY -Wall -O3 -gdwarf-2 -g -gdwarf-4 -I../../L2_Ph3_L2_Ph3_PM_bsp/ps7_cortexa9_1/include -I"C:\Programming\TSW_SW\src" -I"C:\Programming\TSW_SW\include" -c -fmessage-length=0 -MT"src/DAC.o" -mcpu=cortex-a9 -mfpu=vfpv3 -mfloat-abi=hard -MMD -MP -MF"src/DAC.d" -MT"src/DAC.o" -o "src/DAC.o" "../src/DAC.cpp"
<command-line>: warning: ISO C++11 requires whitespace after the macro name
'Finished building: ../src/DAC.cpp'
' '
'Building file: ../src/Drive.cpp'
'Invoking: ARM v7 g++ compiler'
arm-none-eabi-g++ -D"C:\Programming\PESC_CPP_LIB\Modulators\include" -DFULL -DARM_A9 -DHAS_BASIC_FAULT_LOG_IF_CAPABILITY -DHAS_RUN_INHIBIT_SUPPORT -DHAS_STRNLEN -DHAS_DIGSCOPE_CAPABILITY -Wall -O3 -gdwarf-2 -g -gdwarf-4 -I../../L2_Ph3_L2_Ph3_PM_bsp/ps7_cortexa9_1/include -I"C:\Programming\TSW_SW\src" -I"C:\Programming\TSW_SW\include" -c -fmessage-length=0 -MT"src/Drive.o" -mcpu=cortex-a9 -mfpu=vfpv3 -mfloat-abi=hard -MMD -MP -MF"src/Drive.d" -MT"src/Drive.o" -o "src/Drive.o" "../src/Drive.cpp"
<command-line>: warning: ISO C++11 requires whitespace after the macro name
In file included from ../src/Converter.hpp:79,
                 from ../src/Drive.hpp:82,
                 from ../src/Drive.cpp:9:
../src/Measurements.hpp:282: warning: "NO_OF_CHANNELS_CNT" redefined
 #define NO_OF_CHANNELS_CNT 8 // max 8 physical ADC channels
 
In file included from ../src/Converter.hpp:75,
                 from ../src/Drive.hpp:82,
                 from ../src/Drive.cpp:9:
../src/GateDriver.hpp:495: note: this is the location of the previous definition
 #define NO_OF_CHANNELS_CNT XPAR_CONVERTER_1_SWITCHING_EVENT_COUNTER_NUMBER_OF_CHANNELS
 
In file included from ../src/Drive.hpp:86,
                 from ../src/Drive.cpp:9:
../src/Motor.hpp:2:2: warning: "/*" within comment [-Wcomment]
  /*
   
In file included from ../src/FirmWare_2L_3ph.hpp:75,
                 from ../src/Drive.hpp:83,
                 from ../src/Drive.cpp:9:
../src/Emulator.hpp:211:34: warning: overflow in conversion from 'double' to 'int32_t' {aka 'long int'} changes value from '2.147483648e+9' to '2147483647' [-Woverflow]
  int32_t THETA_BASE_SCALING = pow(2, 31);
                               ~~~^~~~~~~
../src/Drive.cpp: In member function 'const fp32_t Drive::TorqueRefLimitation(fp32_t, fp32_t, fp32_t)':
../src/Drive.cpp:497:9: warning: unused variable 'IfLim' [-Wunused-variable]
  fp32_t IfLim;
         ^~~~~
'Finished building: ../src/Drive.cpp'
' '
'Building file: ../src/DriveRoutineFast.cpp'
'Invoking: ARM v7 g++ compiler'
arm-none-eabi-g++ -D"C:\Programming\PESC_CPP_LIB\Modulators\include" -DFULL -DARM_A9 -DHAS_BASIC_FAULT_LOG_IF_CAPABILITY -DHAS_RUN_INHIBIT_SUPPORT -DHAS_STRNLEN -DHAS_DIGSCOPE_CAPABILITY -Wall -O3 -gdwarf-2 -g -gdwarf-4 -I../../L2_Ph3_L2_Ph3_PM_bsp/ps7_cortexa9_1/include -I"C:\Programming\TSW_SW\src" -I"C:\Programming\TSW_SW\include" -c -fmessage-length=0 -MT"src/DriveRoutineFast.o" -mcpu=cortex-a9 -mfpu=vfpv3 -mfloat-abi=hard -MMD -MP -MF"src/DriveRoutineFast.d" -MT"src/DriveRoutineFast.o" -o "src/DriveRoutineFast.o" "../src/DriveRoutineFast.cpp"
<command-line>: warning: ISO C++11 requires whitespace after the macro name
In file included from ../src/Converter.hpp:79,
                 from ../src/DriveRoutineFast.hpp:73,
                 from ../src/DriveRoutineFast.cpp:11:
../src/Measurements.hpp:282: warning: "NO_OF_CHANNELS_CNT" redefined
 #define NO_OF_CHANNELS_CNT 8 // max 8 physical ADC channels
 
In file included from ../src/Converter.hpp:75,
                 from ../src/DriveRoutineFast.hpp:73,
                 from ../src/DriveRoutineFast.cpp:11:
../src/GateDriver.hpp:495: note: this is the location of the previous definition
 #define NO_OF_CHANNELS_CNT XPAR_CONVERTER_1_SWITCHING_EVENT_COUNTER_NUMBER_OF_CHANNELS
 
In file included from ../src/Drive.hpp:86,
                 from ../src/DriveRoutineFast.hpp:74,
                 from ../src/DriveRoutineFast.cpp:11:
../src/Motor.hpp:2:2: warning: "/*" within comment [-Wcomment]
  /*
   
In file included from ../src/FirmWare_2L_3ph.hpp:75,
                 from ../src/Drive.hpp:83,
                 from ../src/DriveRoutineFast.hpp:74,
                 from ../src/DriveRoutineFast.cpp:11:
../src/Emulator.hpp:211:34: warning: overflow in conversion from 'double' to 'int32_t' {aka 'long int'} changes value from '2.147483648e+9' to '2147483647' [-Woverflow]
  int32_t THETA_BASE_SCALING = pow(2, 31);
                               ~~~^~~~~~~
In file included from ../src/StopWatch.hpp:4,
                 from ../src/DriveRoutineFast.cpp:12:
../../L2_Ph3_L2_Ph3_PM_bsp/ps7_cortexa9_1/include/xtime_l.h:87:70: note: #pragma message: For the sleep routines, Global timer is being used
 #pragma message ("For the sleep routines, Global timer is being used")
                                                                      ^
'Finished building: ../src/DriveRoutineFast.cpp'
' '
'Building file: ../src/Emulator.cpp'
'Invoking: ARM v7 g++ compiler'
arm-none-eabi-g++ -D"C:\Programming\PESC_CPP_LIB\Modulators\include" -DFULL -DARM_A9 -DHAS_BASIC_FAULT_LOG_IF_CAPABILITY -DHAS_RUN_INHIBIT_SUPPORT -DHAS_STRNLEN -DHAS_DIGSCOPE_CAPABILITY -Wall -O3 -gdwarf-2 -g -gdwarf-4 -I../../L2_Ph3_L2_Ph3_PM_bsp/ps7_cortexa9_1/include -I"C:\Programming\TSW_SW\src" -I"C:\Programming\TSW_SW\include" -c -fmessage-length=0 -MT"src/Emulator.o" -mcpu=cortex-a9 -mfpu=vfpv3 -mfloat-abi=hard -MMD -MP -MF"src/Emulator.d" -MT"src/Emulator.o" -o "src/Emulator.o" "../src/Emulator.cpp"
<command-line>: warning: ISO C++11 requires whitespace after the macro name
In file included from ../src/HMI.hpp:77,
                 from ../src/Emulator.hpp:97,
                 from ../src/Emulator.cpp:11:
../src/Measurements.hpp:282: warning: "NO_OF_CHANNELS_CNT" redefined
 #define NO_OF_CHANNELS_CNT 8 // max 8 physical ADC channels
 
In file included from ../src/HMI.hpp:74,
                 from ../src/Emulator.hpp:97,
                 from ../src/Emulator.cpp:11:
../src/GateDriver.hpp:495: note: this is the location of the previous definition
 #define NO_OF_CHANNELS_CNT XPAR_CONVERTER_1_SWITCHING_EVENT_COUNTER_NUMBER_OF_CHANNELS
 
In file included from ../src/Emulator.cpp:11:
../src/Emulator.hpp:211:34: warning: overflow in conversion from 'double' to 'int32_t' {aka 'long int'} changes value from '2.147483648e+9' to '2147483647' [-Woverflow]
  int32_t THETA_BASE_SCALING = pow(2, 31);
                               ~~~^~~~~~~
'Finished building: ../src/Emulator.cpp'
' '
'Building file: ../src/Encoder.cpp'
'Invoking: ARM v7 g++ compiler'
arm-none-eabi-g++ -D"C:\Programming\PESC_CPP_LIB\Modulators\include" -DFULL -DARM_A9 -DHAS_BASIC_FAULT_LOG_IF_CAPABILITY -DHAS_RUN_INHIBIT_SUPPORT -DHAS_STRNLEN -DHAS_DIGSCOPE_CAPABILITY -Wall -O3 -gdwarf-2 -g -gdwarf-4 -I../../L2_Ph3_L2_Ph3_PM_bsp/ps7_cortexa9_1/include -I"C:\Programming\TSW_SW\src" -I"C:\Programming\TSW_SW\include" -c -fmessage-length=0 -MT"src/Encoder.o" -mcpu=cortex-a9 -mfpu=vfpv3 -mfloat-abi=hard -MMD -MP -MF"src/Encoder.d" -MT"src/Encoder.o" -o "src/Encoder.o" "../src/Encoder.cpp"
<command-line>: warning: ISO C++11 requires whitespace after the macro name
'Finished building: ../src/Encoder.cpp'
' '
'Building file: ../src/Exception.cpp'
'Invoking: ARM v7 g++ compiler'
arm-none-eabi-g++ -D"C:\Programming\PESC_CPP_LIB\Modulators\include" -DFULL -DARM_A9 -DHAS_BASIC_FAULT_LOG_IF_CAPABILITY -DHAS_RUN_INHIBIT_SUPPORT -DHAS_STRNLEN -DHAS_DIGSCOPE_CAPABILITY -Wall -O3 -gdwarf-2 -g -gdwarf-4 -I../../L2_Ph3_L2_Ph3_PM_bsp/ps7_cortexa9_1/include -I"C:\Programming\TSW_SW\src" -I"C:\Programming\TSW_SW\include" -c -fmessage-length=0 -MT"src/Exception.o" -mcpu=cortex-a9 -mfpu=vfpv3 -mfloat-abi=hard -MMD -MP -MF"src/Exception.d" -MT"src/Exception.o" -o "src/Exception.o" "../src/Exception.cpp"
<command-line>: warning: ISO C++11 requires whitespace after the macro name
'Finished building: ../src/Exception.cpp'
' '
'Building file: ../src/FW_Tripping.cpp'
'Invoking: ARM v7 g++ compiler'
arm-none-eabi-g++ -D"C:\Programming\PESC_CPP_LIB\Modulators\include" -DFULL -DARM_A9 -DHAS_BASIC_FAULT_LOG_IF_CAPABILITY -DHAS_RUN_INHIBIT_SUPPORT -DHAS_STRNLEN -DHAS_DIGSCOPE_CAPABILITY -Wall -O3 -gdwarf-2 -g -gdwarf-4 -I../../L2_Ph3_L2_Ph3_PM_bsp/ps7_cortexa9_1/include -I"C:\Programming\TSW_SW\src" -I"C:\Programming\TSW_SW\include" -c -fmessage-length=0 -MT"src/FW_Tripping.o" -mcpu=cortex-a9 -mfpu=vfpv3 -mfloat-abi=hard -MMD -MP -MF"src/FW_Tripping.d" -MT"src/FW_Tripping.o" -o "src/FW_Tripping.o" "../src/FW_Tripping.cpp"
<command-line>: warning: ISO C++11 requires whitespace after the macro name
'Finished building: ../src/FW_Tripping.cpp'
' '
'Building file: ../src/Filter.cpp'
'Invoking: ARM v7 g++ compiler'
arm-none-eabi-g++ -D"C:\Programming\PESC_CPP_LIB\Modulators\include" -DFULL -DARM_A9 -DHAS_BASIC_FAULT_LOG_IF_CAPABILITY -DHAS_RUN_INHIBIT_SUPPORT -DHAS_STRNLEN -DHAS_DIGSCOPE_CAPABILITY -Wall -O3 -gdwarf-2 -g -gdwarf-4 -I../../L2_Ph3_L2_Ph3_PM_bsp/ps7_cortexa9_1/include -I"C:\Programming\TSW_SW\src" -I"C:\Programming\TSW_SW\include" -c -fmessage-length=0 -MT"src/Filter.o" -mcpu=cortex-a9 -mfpu=vfpv3 -mfloat-abi=hard -MMD -MP -MF"src/Filter.d" -MT"src/Filter.o" -o "src/Filter.o" "../src/Filter.cpp"
<command-line>: warning: ISO C++11 requires whitespace after the macro name
'Finished building: ../src/Filter.cpp'
' '
'Building file: ../src/FirmWare_2L_3ph.cpp'
'Invoking: ARM v7 g++ compiler'
arm-none-eabi-g++ -D"C:\Programming\PESC_CPP_LIB\Modulators\include" -DFULL -DARM_A9 -DHAS_BASIC_FAULT_LOG_IF_CAPABILITY -DHAS_RUN_INHIBIT_SUPPORT -DHAS_STRNLEN -DHAS_DIGSCOPE_CAPABILITY -Wall -O3 -gdwarf-2 -g -gdwarf-4 -I../../L2_Ph3_L2_Ph3_PM_bsp/ps7_cortexa9_1/include -I"C:\Programming\TSW_SW\src" -I"C:\Programming\TSW_SW\include" -c -fmessage-length=0 -MT"src/FirmWare_2L_3ph.o" -mcpu=cortex-a9 -mfpu=vfpv3 -mfloat-abi=hard -MMD -MP -MF"src/FirmWare_2L_3ph.d" -MT"src/FirmWare_2L_3ph.o" -o "src/FirmWare_2L_3ph.o" "../src/FirmWare_2L_3ph.cpp"
<command-line>: warning: ISO C++11 requires whitespace after the macro name
In file included from ../src/Converter.hpp:79,
                 from ../src/FirmWare_2L_3ph.hpp:71,
                 from ../src/FirmWare_2L_3ph.cpp:11:
../src/Measurements.hpp:282: warning: "NO_OF_CHANNELS_CNT" redefined
 #define NO_OF_CHANNELS_CNT 8 // max 8 physical ADC channels
 
In file included from ../src/Converter.hpp:75,
                 from ../src/FirmWare_2L_3ph.hpp:71,
                 from ../src/FirmWare_2L_3ph.cpp:11:
../src/GateDriver.hpp:495: note: this is the location of the previous definition
 #define NO_OF_CHANNELS_CNT XPAR_CONVERTER_1_SWITCHING_EVENT_COUNTER_NUMBER_OF_CHANNELS
 
In file included from ../src/FirmWare_2L_3ph.hpp:75,
                 from ../src/FirmWare_2L_3ph.cpp:11:
../src/Emulator.hpp:211:34: warning: overflow in conversion from 'double' to 'int32_t' {aka 'long int'} changes value from '2.147483648e+9' to '2147483647' [-Woverflow]
  int32_t THETA_BASE_SCALING = pow(2, 31);
                               ~~~^~~~~~~
'Finished building: ../src/FirmWare_2L_3ph.cpp'
' '
'Building file: ../src/GPIO.cpp'
'Invoking: ARM v7 g++ compiler'
arm-none-eabi-g++ -D"C:\Programming\PESC_CPP_LIB\Modulators\include" -DFULL -DARM_A9 -DHAS_BASIC_FAULT_LOG_IF_CAPABILITY -DHAS_RUN_INHIBIT_SUPPORT -DHAS_STRNLEN -DHAS_DIGSCOPE_CAPABILITY -Wall -O3 -gdwarf-2 -g -gdwarf-4 -I../../L2_Ph3_L2_Ph3_PM_bsp/ps7_cortexa9_1/include -I"C:\Programming\TSW_SW\src" -I"C:\Programming\TSW_SW\include" -c -fmessage-length=0 -MT"src/GPIO.o" -mcpu=cortex-a9 -mfpu=vfpv3 -mfloat-abi=hard -MMD -MP -MF"src/GPIO.d" -MT"src/GPIO.o" -o "src/GPIO.o" "../src/GPIO.cpp"
<command-line>: warning: ISO C++11 requires whitespace after the macro name
In file included from ../src/HMI.hpp:77,
                 from ../src/GPIO.hpp:14,
                 from ../src/GPIO.cpp:8:
../src/Measurements.hpp:282: warning: "NO_OF_CHANNELS_CNT" redefined
 #define NO_OF_CHANNELS_CNT 8 // max 8 physical ADC channels
 
In file included from ../src/HMI.hpp:74,
                 from ../src/GPIO.hpp:14,
                 from ../src/GPIO.cpp:8:
../src/GateDriver.hpp:495: note: this is the location of the previous definition
 #define NO_OF_CHANNELS_CNT XPAR_CONVERTER_1_SWITCHING_EVENT_COUNTER_NUMBER_OF_CHANNELS
 
'Finished building: ../src/GPIO.cpp'
' '
'Building file: ../src/GateDriver.cpp'
'Invoking: ARM v7 g++ compiler'
arm-none-eabi-g++ -D"C:\Programming\PESC_CPP_LIB\Modulators\include" -DFULL -DARM_A9 -DHAS_BASIC_FAULT_LOG_IF_CAPABILITY -DHAS_RUN_INHIBIT_SUPPORT -DHAS_STRNLEN -DHAS_DIGSCOPE_CAPABILITY -Wall -O3 -gdwarf-2 -g -gdwarf-4 -I../../L2_Ph3_L2_Ph3_PM_bsp/ps7_cortexa9_1/include -I"C:\Programming\TSW_SW\src" -I"C:\Programming\TSW_SW\include" -c -fmessage-length=0 -MT"src/GateDriver.o" -mcpu=cortex-a9 -mfpu=vfpv3 -mfloat-abi=hard -MMD -MP -MF"src/GateDriver.d" -MT"src/GateDriver.o" -o "src/GateDriver.o" "../src/GateDriver.cpp"
<command-line>: warning: ISO C++11 requires whitespace after the macro name
'Finished building: ../src/GateDriver.cpp'
' '
'Building file: ../src/HMI.cpp'
'Invoking: ARM v7 g++ compiler'
arm-none-eabi-g++ -D"C:\Programming\PESC_CPP_LIB\Modulators\include" -DFULL -DARM_A9 -DHAS_BASIC_FAULT_LOG_IF_CAPABILITY -DHAS_RUN_INHIBIT_SUPPORT -DHAS_STRNLEN -DHAS_DIGSCOPE_CAPABILITY -Wall -O3 -gdwarf-2 -g -gdwarf-4 -I../../L2_Ph3_L2_Ph3_PM_bsp/ps7_cortexa9_1/include -I"C:\Programming\TSW_SW\src" -I"C:\Programming\TSW_SW\include" -c -fmessage-length=0 -MT"src/HMI.o" -mcpu=cortex-a9 -mfpu=vfpv3 -mfloat-abi=hard -MMD -MP -MF"src/HMI.d" -MT"src/HMI.o" -o "src/HMI.o" "../src/HMI.cpp"
<command-line>: warning: ISO C++11 requires whitespace after the macro name
In file included from ../src/HMI.hpp:77,
                 from ../src/HMI.cpp:8:
../src/Measurements.hpp:282: warning: "NO_OF_CHANNELS_CNT" redefined
 #define NO_OF_CHANNELS_CNT 8 // max 8 physical ADC channels
 
In file included from ../src/HMI.hpp:74,
                 from ../src/HMI.cpp:8:
../src/GateDriver.hpp:495: note: this is the location of the previous definition
 #define NO_OF_CHANNELS_CNT XPAR_CONVERTER_1_SWITCHING_EVENT_COUNTER_NUMBER_OF_CHANNELS
 
'Finished building: ../src/HMI.cpp'
' '
'Building file: ../src/HysteresisAmpRegulator.cpp'
'Invoking: ARM v7 g++ compiler'
arm-none-eabi-g++ -D"C:\Programming\PESC_CPP_LIB\Modulators\include" -DFULL -DARM_A9 -DHAS_BASIC_FAULT_LOG_IF_CAPABILITY -DHAS_RUN_INHIBIT_SUPPORT -DHAS_STRNLEN -DHAS_DIGSCOPE_CAPABILITY -Wall -O3 -gdwarf-2 -g -gdwarf-4 -I../../L2_Ph3_L2_Ph3_PM_bsp/ps7_cortexa9_1/include -I"C:\Programming\TSW_SW\src" -I"C:\Programming\TSW_SW\include" -c -fmessage-length=0 -MT"src/HysteresisAmpRegulator.o" -mcpu=cortex-a9 -mfpu=vfpv3 -mfloat-abi=hard -MMD -MP -MF"src/HysteresisAmpRegulator.d" -MT"src/HysteresisAmpRegulator.o" -o "src/HysteresisAmpRegulator.o" "../src/HysteresisAmpRegulator.cpp"
<command-line>: warning: ISO C++11 requires whitespace after the macro name
'Finished building: ../src/HysteresisAmpRegulator.cpp'
' '
'Building file: ../src/Initialize_SW.cpp'
'Invoking: ARM v7 g++ compiler'
arm-none-eabi-g++ -D"C:\Programming\PESC_CPP_LIB\Modulators\include" -DFULL -DARM_A9 -DHAS_BASIC_FAULT_LOG_IF_CAPABILITY -DHAS_RUN_INHIBIT_SUPPORT -DHAS_STRNLEN -DHAS_DIGSCOPE_CAPABILITY -Wall -O3 -gdwarf-2 -g -gdwarf-4 -I../../L2_Ph3_L2_Ph3_PM_bsp/ps7_cortexa9_1/include -I"C:\Programming\TSW_SW\src" -I"C:\Programming\TSW_SW\include" -c -fmessage-length=0 -MT"src/Initialize_SW.o" -mcpu=cortex-a9 -mfpu=vfpv3 -mfloat-abi=hard -MMD -MP -MF"src/Initialize_SW.d" -MT"src/Initialize_SW.o" -o "src/Initialize_SW.o" "../src/Initialize_SW.cpp"
<command-line>: warning: ISO C++11 requires whitespace after the macro name
In file included from ../src/Converter.hpp:79,
                 from ../src/FirmWare_2L_3ph.hpp:71,
                 from ../src/Initialize_SW.cpp:20:
../src/Measurements.hpp:282: warning: "NO_OF_CHANNELS_CNT" redefined
 #define NO_OF_CHANNELS_CNT 8 // max 8 physical ADC channels
 
In file included from ../src/Converter.hpp:75,
                 from ../src/FirmWare_2L_3ph.hpp:71,
                 from ../src/Initialize_SW.cpp:20:
../src/GateDriver.hpp:495: note: this is the location of the previous definition
 #define NO_OF_CHANNELS_CNT XPAR_CONVERTER_1_SWITCHING_EVENT_COUNTER_NUMBER_OF_CHANNELS
 
In file included from ../src/Drive.hpp:86,
                 from ../src/Initialize_SW.cpp:22:
../src/Motor.hpp:2:2: warning: "/*" within comment [-Wcomment]
  /*
   
In file included from ../src/FirmWare_2L_3ph.hpp:75,
                 from ../src/Initialize_SW.cpp:20:
../src/Emulator.hpp:211:34: warning: overflow in conversion from 'double' to 'int32_t' {aka 'long int'} changes value from '2.147483648e+9' to '2147483647' [-Woverflow]
  int32_t THETA_BASE_SCALING = pow(2, 31);
                               ~~~^~~~~~~
'Finished building: ../src/Initialize_SW.cpp'
' '
'Building file: ../src/LPFilter1.cpp'
'Invoking: ARM v7 g++ compiler'
arm-none-eabi-g++ -D"C:\Programming\PESC_CPP_LIB\Modulators\include" -DFULL -DARM_A9 -DHAS_BASIC_FAULT_LOG_IF_CAPABILITY -DHAS_RUN_INHIBIT_SUPPORT -DHAS_STRNLEN -DHAS_DIGSCOPE_CAPABILITY -Wall -O3 -gdwarf-2 -g -gdwarf-4 -I../../L2_Ph3_L2_Ph3_PM_bsp/ps7_cortexa9_1/include -I"C:\Programming\TSW_SW\src" -I"C:\Programming\TSW_SW\include" -c -fmessage-length=0 -MT"src/LPFilter1.o" -mcpu=cortex-a9 -mfpu=vfpv3 -mfloat-abi=hard -MMD -MP -MF"src/LPFilter1.d" -MT"src/LPFilter1.o" -o "src/LPFilter1.o" "../src/LPFilter1.cpp"
<command-line>: warning: ISO C++11 requires whitespace after the macro name
'Finished building: ../src/LPFilter1.cpp'
' '
'Building file: ../src/Measurements.cpp'
'Invoking: ARM v7 g++ compiler'
arm-none-eabi-g++ -D"C:\Programming\PESC_CPP_LIB\Modulators\include" -DFULL -DARM_A9 -DHAS_BASIC_FAULT_LOG_IF_CAPABILITY -DHAS_RUN_INHIBIT_SUPPORT -DHAS_STRNLEN -DHAS_DIGSCOPE_CAPABILITY -Wall -O3 -gdwarf-2 -g -gdwarf-4 -I../../L2_Ph3_L2_Ph3_PM_bsp/ps7_cortexa9_1/include -I"C:\Programming\TSW_SW\src" -I"C:\Programming\TSW_SW\include" -c -fmessage-length=0 -MT"src/Measurements.o" -mcpu=cortex-a9 -mfpu=vfpv3 -mfloat-abi=hard -MMD -MP -MF"src/Measurements.d" -MT"src/Measurements.o" -o "src/Measurements.o" "../src/Measurements.cpp"
<command-line>: warning: ISO C++11 requires whitespace after the macro name
'Finished building: ../src/Measurements.cpp'
' '
'Building file: ../src/Motor.cpp'
'Invoking: ARM v7 g++ compiler'
arm-none-eabi-g++ -D"C:\Programming\PESC_CPP_LIB\Modulators\include" -DFULL -DARM_A9 -DHAS_BASIC_FAULT_LOG_IF_CAPABILITY -DHAS_RUN_INHIBIT_SUPPORT -DHAS_STRNLEN -DHAS_DIGSCOPE_CAPABILITY -Wall -O3 -gdwarf-2 -g -gdwarf-4 -I../../L2_Ph3_L2_Ph3_PM_bsp/ps7_cortexa9_1/include -I"C:\Programming\TSW_SW\src" -I"C:\Programming\TSW_SW\include" -c -fmessage-length=0 -MT"src/Motor.o" -mcpu=cortex-a9 -mfpu=vfpv3 -mfloat-abi=hard -MMD -MP -MF"src/Motor.d" -MT"src/Motor.o" -o "src/Motor.o" "../src/Motor.cpp"
<command-line>: warning: ISO C++11 requires whitespace after the macro name
../src/Motor.cpp:2:2: warning: "/*" within comment [-Wcomment]
  /*
   
In file included from ../src/Motor.cpp:14:
../src/Motor.hpp:2:2: warning: "/*" within comment [-Wcomment]
  /*
   
In file included from ../src/Converter.hpp:79,
                 from ../src/FirmWare_2L_3ph.hpp:71,
                 from ../src/Motor.hpp:19,
                 from ../src/Motor.cpp:14:
../src/Measurements.hpp:282: warning: "NO_OF_CHANNELS_CNT" redefined
 #define NO_OF_CHANNELS_CNT 8 // max 8 physical ADC channels
 
In file included from ../src/Converter.hpp:75,
                 from ../src/FirmWare_2L_3ph.hpp:71,
                 from ../src/Motor.hpp:19,
                 from ../src/Motor.cpp:14:
../src/GateDriver.hpp:495: note: this is the location of the previous definition
 #define NO_OF_CHANNELS_CNT XPAR_CONVERTER_1_SWITCHING_EVENT_COUNTER_NUMBER_OF_CHANNELS
 
In file included from ../src/FirmWare_2L_3ph.hpp:75,
                 from ../src/Motor.hpp:19,
                 from ../src/Motor.cpp:14:
../src/Emulator.hpp:211:34: warning: overflow in conversion from 'double' to 'int32_t' {aka 'long int'} changes value from '2.147483648e+9' to '2147483647' [-Woverflow]
  int32_t THETA_BASE_SCALING = pow(2, 31);
                               ~~~^~~~~~~
../src/Motor.cpp: In member function 'void Motor::SignalInjection()':
../src/Motor.cpp:306:8: warning: unused variable 'theta_error' [-Wunused-variable]
 fp32_t theta_error;
        ^~~~~~~~~~~
'Finished building: ../src/Motor.cpp'
' '
'Building file: ../src/Multiplexer.cpp'
'Invoking: ARM v7 g++ compiler'
arm-none-eabi-g++ -D"C:\Programming\PESC_CPP_LIB\Modulators\include" -DFULL -DARM_A9 -DHAS_BASIC_FAULT_LOG_IF_CAPABILITY -DHAS_RUN_INHIBIT_SUPPORT -DHAS_STRNLEN -DHAS_DIGSCOPE_CAPABILITY -Wall -O3 -gdwarf-2 -g -gdwarf-4 -I../../L2_Ph3_L2_Ph3_PM_bsp/ps7_cortexa9_1/include -I"C:\Programming\TSW_SW\src" -I"C:\Programming\TSW_SW\include" -c -fmessage-length=0 -MT"src/Multiplexer.o" -mcpu=cortex-a9 -mfpu=vfpv3 -mfloat-abi=hard -MMD -MP -MF"src/Multiplexer.d" -MT"src/Multiplexer.o" -o "src/Multiplexer.o" "../src/Multiplexer.cpp"
<command-line>: warning: ISO C++11 requires whitespace after the macro name
'Finished building: ../src/Multiplexer.cpp'
' '
'Building file: ../src/PI_controller.cpp'
'Invoking: ARM v7 g++ compiler'
arm-none-eabi-g++ -D"C:\Programming\PESC_CPP_LIB\Modulators\include" -DFULL -DARM_A9 -DHAS_BASIC_FAULT_LOG_IF_CAPABILITY -DHAS_RUN_INHIBIT_SUPPORT -DHAS_STRNLEN -DHAS_DIGSCOPE_CAPABILITY -Wall -O3 -gdwarf-2 -g -gdwarf-4 -I../../L2_Ph3_L2_Ph3_PM_bsp/ps7_cortexa9_1/include -I"C:\Programming\TSW_SW\src" -I"C:\Programming\TSW_SW\include" -c -fmessage-length=0 -MT"src/PI_controller.o" -mcpu=cortex-a9 -mfpu=vfpv3 -mfloat-abi=hard -MMD -MP -MF"src/PI_controller.d" -MT"src/PI_controller.o" -o "src/PI_controller.o" "../src/PI_controller.cpp"
<command-line>: warning: ISO C++11 requires whitespace after the macro name
'Finished building: ../src/PI_controller.cpp'
' '
'Building file: ../src/PLL.cpp'
'Invoking: ARM v7 g++ compiler'
arm-none-eabi-g++ -D"C:\Programming\PESC_CPP_LIB\Modulators\include" -DFULL -DARM_A9 -DHAS_BASIC_FAULT_LOG_IF_CAPABILITY -DHAS_RUN_INHIBIT_SUPPORT -DHAS_STRNLEN -DHAS_DIGSCOPE_CAPABILITY -Wall -O3 -gdwarf-2 -g -gdwarf-4 -I../../L2_Ph3_L2_Ph3_PM_bsp/ps7_cortexa9_1/include -I"C:\Programming\TSW_SW\src" -I"C:\Programming\TSW_SW\include" -c -fmessage-length=0 -MT"src/PLL.o" -mcpu=cortex-a9 -mfpu=vfpv3 -mfloat-abi=hard -MMD -MP -MF"src/PLL.d" -MT"src/PLL.o" -o "src/PLL.o" "../src/PLL.cpp"
<command-line>: warning: ISO C++11 requires whitespace after the macro name
'Finished building: ../src/PLL.cpp'
' '
'Building file: ../src/PWM_2L_3ph.cpp'
'Invoking: ARM v7 g++ compiler'
arm-none-eabi-g++ -D"C:\Programming\PESC_CPP_LIB\Modulators\include" -DFULL -DARM_A9 -DHAS_BASIC_FAULT_LOG_IF_CAPABILITY -DHAS_RUN_INHIBIT_SUPPORT -DHAS_STRNLEN -DHAS_DIGSCOPE_CAPABILITY -Wall -O3 -gdwarf-2 -g -gdwarf-4 -I../../L2_Ph3_L2_Ph3_PM_bsp/ps7_cortexa9_1/include -I"C:\Programming\TSW_SW\src" -I"C:\Programming\TSW_SW\include" -c -fmessage-length=0 -MT"src/PWM_2L_3ph.o" -mcpu=cortex-a9 -mfpu=vfpv3 -mfloat-abi=hard -MMD -MP -MF"src/PWM_2L_3ph.d" -MT"src/PWM_2L_3ph.o" -o "src/PWM_2L_3ph.o" "../src/PWM_2L_3ph.cpp"
<command-line>: warning: ISO C++11 requires whitespace after the macro name
../src/PWM_2L_3ph.cpp: In member function 'const fp32_t PWM_2L_3ph::Unipolar(const fp32_t&, const fp32_t&)':
../src/PWM_2L_3ph.cpp:108:9: warning: unused variable 'temp' [-Wunused-variable]
  fp32_t temp;
         ^~~~
../src/PWM_2L_3ph.cpp: In member function 'const fp32_t PWM_2L_3ph::UnipolarFBandHB(const fp32_t&, const fp32_t&, const fp32_t&)':
../src/PWM_2L_3ph.cpp:138:9: warning: unused variable 'temp' [-Wunused-variable]
  fp32_t temp;
         ^~~~
'Finished building: ../src/PWM_2L_3ph.cpp'
' '
'Building file: ../src/ParamEstimator.cpp'
'Invoking: ARM v7 g++ compiler'
arm-none-eabi-g++ -D"C:\Programming\PESC_CPP_LIB\Modulators\include" -DFULL -DARM_A9 -DHAS_BASIC_FAULT_LOG_IF_CAPABILITY -DHAS_RUN_INHIBIT_SUPPORT -DHAS_STRNLEN -DHAS_DIGSCOPE_CAPABILITY -Wall -O3 -gdwarf-2 -g -gdwarf-4 -I../../L2_Ph3_L2_Ph3_PM_bsp/ps7_cortexa9_1/include -I"C:\Programming\TSW_SW\src" -I"C:\Programming\TSW_SW\include" -c -fmessage-length=0 -MT"src/ParamEstimator.o" -mcpu=cortex-a9 -mfpu=vfpv3 -mfloat-abi=hard -MMD -MP -MF"src/ParamEstimator.d" -MT"src/ParamEstimator.o" -o "src/ParamEstimator.o" "../src/ParamEstimator.cpp"
<command-line>: warning: ISO C++11 requires whitespace after the macro name
../src/ParamEstimator.cpp:2:2: warning: "/*" within comment [-Wcomment]
  /*
   
In file included from ../src/HMI.hpp:77,
                 from ../src/Emulator.hpp:97,
                 from ../src/ParamEstimator.hpp:18,
                 from ../src/ParamEstimator.cpp:9:
../src/Measurements.hpp:282: warning: "NO_OF_CHANNELS_CNT" redefined
 #define NO_OF_CHANNELS_CNT 8 // max 8 physical ADC channels
 
In file included from ../src/HMI.hpp:74,
                 from ../src/Emulator.hpp:97,
                 from ../src/ParamEstimator.hpp:18,
                 from ../src/ParamEstimator.cpp:9:
../src/GateDriver.hpp:495: note: this is the location of the previous definition
 #define NO_OF_CHANNELS_CNT XPAR_CONVERTER_1_SWITCHING_EVENT_COUNTER_NUMBER_OF_CHANNELS
 
In file included from ../src/ParamEstimator.hpp:18,
                 from ../src/ParamEstimator.cpp:9:
../src/Emulator.hpp:211:34: warning: overflow in conversion from 'double' to 'int32_t' {aka 'long int'} changes value from '2.147483648e+9' to '2147483647' [-Woverflow]
  int32_t THETA_BASE_SCALING = pow(2, 31);
                               ~~~^~~~~~~
'Finished building: ../src/ParamEstimator.cpp'
' '
'Building file: ../src/RampFilter.cpp'
'Invoking: ARM v7 g++ compiler'
arm-none-eabi-g++ -D"C:\Programming\PESC_CPP_LIB\Modulators\include" -DFULL -DARM_A9 -DHAS_BASIC_FAULT_LOG_IF_CAPABILITY -DHAS_RUN_INHIBIT_SUPPORT -DHAS_STRNLEN -DHAS_DIGSCOPE_CAPABILITY -Wall -O3 -gdwarf-2 -g -gdwarf-4 -I../../L2_Ph3_L2_Ph3_PM_bsp/ps7_cortexa9_1/include -I"C:\Programming\TSW_SW\src" -I"C:\Programming\TSW_SW\include" -c -fmessage-length=0 -MT"src/RampFilter.o" -mcpu=cortex-a9 -mfpu=vfpv3 -mfloat-abi=hard -MMD -MP -MF"src/RampFilter.d" -MT"src/RampFilter.o" -o "src/RampFilter.o" "../src/RampFilter.cpp"
<command-line>: warning: ISO C++11 requires whitespace after the macro name
'Finished building: ../src/RampFilter.cpp'
' '
'Building file: ../src/Relay.cpp'
'Invoking: ARM v7 g++ compiler'
arm-none-eabi-g++ -D"C:\Programming\PESC_CPP_LIB\Modulators\include" -DFULL -DARM_A9 -DHAS_BASIC_FAULT_LOG_IF_CAPABILITY -DHAS_RUN_INHIBIT_SUPPORT -DHAS_STRNLEN -DHAS_DIGSCOPE_CAPABILITY -Wall -O3 -gdwarf-2 -g -gdwarf-4 -I../../L2_Ph3_L2_Ph3_PM_bsp/ps7_cortexa9_1/include -I"C:\Programming\TSW_SW\src" -I"C:\Programming\TSW_SW\include" -c -fmessage-length=0 -MT"src/Relay.o" -mcpu=cortex-a9 -mfpu=vfpv3 -mfloat-abi=hard -MMD -MP -MF"src/Relay.d" -MT"src/Relay.o" -o "src/Relay.o" "../src/Relay.cpp"
<command-line>: warning: ISO C++11 requires whitespace after the macro name
'Finished building: ../src/Relay.cpp'
' '
'Building file: ../src/SetBit.cpp'
'Invoking: ARM v7 g++ compiler'
arm-none-eabi-g++ -D"C:\Programming\PESC_CPP_LIB\Modulators\include" -DFULL -DARM_A9 -DHAS_BASIC_FAULT_LOG_IF_CAPABILITY -DHAS_RUN_INHIBIT_SUPPORT -DHAS_STRNLEN -DHAS_DIGSCOPE_CAPABILITY -Wall -O3 -gdwarf-2 -g -gdwarf-4 -I../../L2_Ph3_L2_Ph3_PM_bsp/ps7_cortexa9_1/include -I"C:\Programming\TSW_SW\src" -I"C:\Programming\TSW_SW\include" -c -fmessage-length=0 -MT"src/SetBit.o" -mcpu=cortex-a9 -mfpu=vfpv3 -mfloat-abi=hard -MMD -MP -MF"src/SetBit.d" -MT"src/SetBit.o" -o "src/SetBit.o" "../src/SetBit.cpp"
<command-line>: warning: ISO C++11 requires whitespace after the macro name
'Finished building: ../src/SetBit.cpp'
' '
'Building file: ../src/SwLoadEmulator.cpp'
'Invoking: ARM v7 g++ compiler'
arm-none-eabi-g++ -D"C:\Programming\PESC_CPP_LIB\Modulators\include" -DFULL -DARM_A9 -DHAS_BASIC_FAULT_LOG_IF_CAPABILITY -DHAS_RUN_INHIBIT_SUPPORT -DHAS_STRNLEN -DHAS_DIGSCOPE_CAPABILITY -Wall -O3 -gdwarf-2 -g -gdwarf-4 -I../../L2_Ph3_L2_Ph3_PM_bsp/ps7_cortexa9_1/include -I"C:\Programming\TSW_SW\src" -I"C:\Programming\TSW_SW\include" -c -fmessage-length=0 -MT"src/SwLoadEmulator.o" -mcpu=cortex-a9 -mfpu=vfpv3 -mfloat-abi=hard -MMD -MP -MF"src/SwLoadEmulator.d" -MT"src/SwLoadEmulator.o" -o "src/SwLoadEmulator.o" "../src/SwLoadEmulator.cpp"
<command-line>: warning: ISO C++11 requires whitespace after the macro name
'Finished building: ../src/SwLoadEmulator.cpp'
' '
'Building file: ../src/TorqueLimiters.cpp'
'Invoking: ARM v7 g++ compiler'
arm-none-eabi-g++ -D"C:\Programming\PESC_CPP_LIB\Modulators\include" -DFULL -DARM_A9 -DHAS_BASIC_FAULT_LOG_IF_CAPABILITY -DHAS_RUN_INHIBIT_SUPPORT -DHAS_STRNLEN -DHAS_DIGSCOPE_CAPABILITY -Wall -O3 -gdwarf-2 -g -gdwarf-4 -I../../L2_Ph3_L2_Ph3_PM_bsp/ps7_cortexa9_1/include -I"C:\Programming\TSW_SW\src" -I"C:\Programming\TSW_SW\include" -c -fmessage-length=0 -MT"src/TorqueLimiters.o" -mcpu=cortex-a9 -mfpu=vfpv3 -mfloat-abi=hard -MMD -MP -MF"src/TorqueLimiters.d" -MT"src/TorqueLimiters.o" -o "src/TorqueLimiters.o" "../src/TorqueLimiters.cpp"
<command-line>: warning: ISO C++11 requires whitespace after the macro name
'Finished building: ../src/TorqueLimiters.cpp'
' '
'Building file: ../src/main.cpp'
'Invoking: ARM v7 g++ compiler'
arm-none-eabi-g++ -D"C:\Programming\PESC_CPP_LIB\Modulators\include" -DFULL -DARM_A9 -DHAS_BASIC_FAULT_LOG_IF_CAPABILITY -DHAS_RUN_INHIBIT_SUPPORT -DHAS_STRNLEN -DHAS_DIGSCOPE_CAPABILITY -Wall -O3 -gdwarf-2 -g -gdwarf-4 -I../../L2_Ph3_L2_Ph3_PM_bsp/ps7_cortexa9_1/include -I"C:\Programming\TSW_SW\src" -I"C:\Programming\TSW_SW\include" -c -fmessage-length=0 -MT"src/main.o" -mcpu=cortex-a9 -mfpu=vfpv3 -mfloat-abi=hard -MMD -MP -MF"src/main.d" -MT"src/main.o" -o "src/main.o" "../src/main.cpp"
<command-line>: warning: ISO C++11 requires whitespace after the macro name
In file included from ../src/Converter.hpp:79,
                 from ../src/DriveRoutineFast.hpp:73,
                 from ../src/main.cpp:4:
../src/Measurements.hpp:282: warning: "NO_OF_CHANNELS_CNT" redefined
 #define NO_OF_CHANNELS_CNT 8 // max 8 physical ADC channels
 
In file included from ../src/Converter.hpp:75,
                 from ../src/DriveRoutineFast.hpp:73,
                 from ../src/main.cpp:4:
../src/GateDriver.hpp:495: note: this is the location of the previous definition
 #define NO_OF_CHANNELS_CNT XPAR_CONVERTER_1_SWITCHING_EVENT_COUNTER_NUMBER_OF_CHANNELS
 
In file included from ../src/Drive.hpp:86,
                 from ../src/DriveRoutineFast.hpp:74,
                 from ../src/main.cpp:4:
../src/Motor.hpp:2:2: warning: "/*" within comment [-Wcomment]
  /*
   
In file included from ../src/FirmWare_2L_3ph.hpp:75,
                 from ../src/Drive.hpp:83,
                 from ../src/DriveRoutineFast.hpp:74,
                 from ../src/main.cpp:4:
../src/Emulator.hpp:211:34: warning: overflow in conversion from 'double' to 'int32_t' {aka 'long int'} changes value from '2.147483648e+9' to '2147483647' [-Woverflow]
  int32_t THETA_BASE_SCALING = pow(2, 31);
                               ~~~^~~~~~~
In file included from ../src/StopWatch.hpp:4,
                 from ../src/main.cpp:13:
../../L2_Ph3_L2_Ph3_PM_bsp/ps7_cortexa9_1/include/xtime_l.h:87:70: note: #pragma message: For the sleep routines, Global timer is being used
 #pragma message ("For the sleep routines, Global timer is being used")
                                                                      ^
'Finished building: ../src/main.cpp'
' '
'Building target: L2_Ph3_L2_Ph3_PM.elf'
'Invoking: ARM v7 g++ linker'
arm-none-eabi-g++ -L"C:\Programming\TSW_SW\lib" -L../../L2_Ph3_L2_Ph3_PM_bsp/ps7_cortexa9_1/lib -mcpu=cortex-a9 -mfpu=vfpv3 -mfloat-abi=hard -Wl,-build-id=none -specs=Xilinx.spec -Wl,-T -Wl,../src/lscript.ld -L../../L2_Ph3_L2_Ph3_PM_bsp/ps7_cortexa9_1/lib -o "L2_Ph3_L2_Ph3_PM.elf"  ./src/ADC.o ./src/Application.o ./src/CommInterface.o ./src/ConfigParameters.o ./src/Converter.o ./src/DAC.o ./src/Drive.o ./src/DriveRoutineFast.o ./src/Emulator.o ./src/Encoder.o ./src/Exception.o ./src/FW_Tripping.o ./src/Filter.o ./src/FirmWare_2L_3ph.o ./src/GPIO.o ./src/GateDriver.o ./src/HMI.o ./src/HysteresisAmpRegulator.o ./src/Initialize_SW.o ./src/LPFilter1.o ./src/Measurements.o ./src/Motor.o ./src/Multiplexer.o ./src/PI_controller.o ./src/PLL.o ./src/PWM_2L_3ph.o ./src/ParamEstimator.o ./src/RampFilter.o ./src/Relay.o ./src/SetBit.o ./src/SwLoadEmulator.o ./src/TorqueLimiters.o ./src/main.o   -lwtcp_arm_a9_full  -Wl,--start-group,-lxil,-lgcc,-lc,-lstdc++,--end-group
'Finished building target: L2_Ph3_L2_Ph3_PM.elf'
' '
'Invoking: ARM v7 Print Size'
arm-none-eabi-size L2_Ph3_L2_Ph3_PM.elf  |tee "L2_Ph3_L2_Ph3_PM.elf.size"
   text	   data	    bss	    dec	    hex	filename
 185056	   3372	16816776	17005204	1037a94	L2_Ph3_L2_Ph3_PM.elf
'Finished building: L2_Ph3_L2_Ph3_PM.elf.size'
' '

18:14:30 Build Finished (took 21s.685ms)

